   1               		.file	"chassisPDM.c"
   2               	__SP_H__ = 0x3e
   3               	__SP_L__ = 0x3d
   4               	__SREG__ = 0x3f
   5               	__RAMPZ__ = 0x3b
   6               	__tmp_reg__ = 0
   7               	__zero_reg__ = 1
   8               		.text
   9               	.Ltext0:
  10               		.cfi_sections	.debug_frame
  11               		.section	.text.pdm_init,"ax",@progbits
  12               	.global	pdm_init
  14               	pdm_init:
  15               	.LFB4:
  16               		.file 1 "includes/chassisPDM.c"
   1:includes/chassisPDM.c **** /**
   2:includes/chassisPDM.c ****  * @file chassisPDM.c
   3:includes/chassisPDM.c ****  * @author Jonn Dillon
   4:includes/chassisPDM.c ****  * @date 16/4/2018
   5:includes/chassisPDM.c ****  * @brief Handles functions, calls and utilities related to the Power Distribution Board
   6:includes/chassisPDM.c ****  **/
   7:includes/chassisPDM.c **** 
   8:includes/chassisPDM.c **** #include "chassisPDM.h"
   9:includes/chassisPDM.c **** #include "chassisCAN.h"
  10:includes/chassisPDM.c **** 
  11:includes/chassisPDM.c **** /**
  12:includes/chassisPDM.c ****  * pdm_init()
  13:includes/chassisPDM.c ****  * Input:	none
  14:includes/chassisPDM.c ****  * Returns: none
  15:includes/chassisPDM.c ****  * 
  16:includes/chassisPDM.c ****  * Precharge the motor controllers and then enable relays to allow the starting of the car
  17:includes/chassisPDM.c ****  **/
  18:includes/chassisPDM.c **** void pdm_init()
  19:includes/chassisPDM.c **** {
  17               		.loc 1 19 1 view -0
  18               		.cfi_startproc
  19               	/* prologue: function */
  20               	/* frame size = 0 */
  21               	/* stack size = 0 */
  22               	.L__stack_usage = 0
  20:includes/chassisPDM.c **** 	// pdm.flags[0] |= PDM_ATOMIC_ALARM;						// Turn on the ready to drive alarm (RTD sound)
  21:includes/chassisPDM.c **** 	// pdm.flags[1] |= PDM_PRECHARGE;							// Begin precharging the Motor controllers
  22:includes/chassisPDM.c **** 	// // CAN_send_heartbeat(PDM_H, NORMAL, 1);
  23:includes/chassisPDM.c **** 	// _delay_ms(2000);
  24:includes/chassisPDM.c **** 	// pdm.flags[0] &= ~PDM_ATOMIC_ALARM;						// Stop sounding the RTD, we are ready to drive after o
  25:includes/chassisPDM.c **** 	// pdm.flags[0] |= PDM_SHUTDOWN_PLUS|PDM_SHUTDOWN_MINUS;	// Enable the relays to allow the startin
  26:includes/chassisPDM.c **** 	// pdm.flags[1] &= ~(PDM_PRECHARGE);						// Shutdown the precharge circuit after 2 seconds. shoul
  27:includes/chassisPDM.c **** 	// // CAN_send_heartbeat(PDM_H, NORMAL, 1);
  28:includes/chassisPDM.c **** }...
  23               		.loc 1 28 1 view .LVU1
  24               	/* epilogue start */
  25 0000 0895      		ret
  26               		.cfi_endproc
  27               	.LFE4:
  29               	.global	PDM_data
  30               		.data
  33               	PDM_data:
  34 0000 02        		.byte	2
  35 0001 00        		.byte	0
  36 0002 00        		.byte	0
  37 0003 00        		.byte	0
  38               		.comm	pdm,4,1
  39               		.text
  40               	.Letext0:
  41               		.file 2 "/usr/local/Cellar/avr-gcc/8.1.0/avr/include/stdlib.h"
  42               		.file 3 "/usr/local/Cellar/avr-gcc/8.1.0/lib/avr-gcc/8/gcc/avr/8.1.0/include/stddef.h"
  43               		.file 4 "/usr/local/Cellar/avr-gcc/8.1.0/avr/include/stdint.h"
  44               		.file 5 "includes/chassisPDM.h"
DEFINED SYMBOLS
                            *ABS*:0000000000000000 chassisPDM.c
/var/folders/my/0z6f376568j9tywzmdyvysy80000gn/T//cc8CfJ2X.s:2      *ABS*:000000000000003e __SP_H__
/var/folders/my/0z6f376568j9tywzmdyvysy80000gn/T//cc8CfJ2X.s:3      *ABS*:000000000000003d __SP_L__
/var/folders/my/0z6f376568j9tywzmdyvysy80000gn/T//cc8CfJ2X.s:4      *ABS*:000000000000003f __SREG__
/var/folders/my/0z6f376568j9tywzmdyvysy80000gn/T//cc8CfJ2X.s:5      *ABS*:000000000000003b __RAMPZ__
/var/folders/my/0z6f376568j9tywzmdyvysy80000gn/T//cc8CfJ2X.s:6      *ABS*:0000000000000000 __tmp_reg__
/var/folders/my/0z6f376568j9tywzmdyvysy80000gn/T//cc8CfJ2X.s:7      *ABS*:0000000000000001 __zero_reg__
/var/folders/my/0z6f376568j9tywzmdyvysy80000gn/T//cc8CfJ2X.s:14     .text.pdm_init:0000000000000000 pdm_init
/var/folders/my/0z6f376568j9tywzmdyvysy80000gn/T//cc8CfJ2X.s:33     .data:0000000000000000 PDM_data
                            *COM*:0000000000000004 pdm

UNDEFINED SYMBOLS
__do_copy_data
__do_clear_bss
