   1               		.file	"a2d.c"
   2               	__SP_H__ = 0x3e
   3               	__SP_L__ = 0x3d
   4               	__SREG__ = 0x3f
   5               	__RAMPZ__ = 0x3b
   6               	__tmp_reg__ = 0
   7               	__zero_reg__ = 1
   8               		.text
   9               	.Ltext0:
  10               		.cfi_sections	.debug_frame
  11               		.section	.text.a2dOn,"ax",@progbits
  12               	.global	a2dOn
  14               	a2dOn:
  15               	.LFB2:
  16               		.file 1 "utils/a2d.c"
   1:utils/a2d.c   **** /*! \file a2d.c \brief Analog-to-Digital converter function library. */
   2:utils/a2d.c   **** //*****************************************************************************
   3:utils/a2d.c   **** //
   4:utils/a2d.c   **** // File Name	: 'a2d.c'
   5:utils/a2d.c   **** // Title		: Analog-to-digital converter functions
   6:utils/a2d.c   **** // Author		: William Bevan - Copyright (C) 2008
   7:utils/a2d.c   **** // Created		: 2008-05-16
   8:utils/a2d.c   **** // Revised		: 2008-05-16
   9:utils/a2d.c   **** // Version		: 1.0
  10:utils/a2d.c   **** // Target MCU	: Atmel AVR series
  11:utils/a2d.c   **** //
  12:utils/a2d.c   **** // This code is distributed under the GNU Public License
  13:utils/a2d.c   **** //		which can be found at http://www.gnu.org/licenses/gpl.txt
  14:utils/a2d.c   **** //
  15:utils/a2d.c   **** //*****************************************************************************
  16:utils/a2d.c   **** 
  17:utils/a2d.c   **** #include <avr/io.h>
  18:utils/a2d.c   **** 
  19:utils/a2d.c   **** #include "a2d.h"
  20:utils/a2d.c   **** #include <stdio.h>
  21:utils/a2d.c   **** #include <string.h>			// include string support
  22:utils/a2d.c   **** 
  23:utils/a2d.c   **** // functions
  24:utils/a2d.c   **** 
  25:utils/a2d.c   **** // initialize a2d converter
  26:utils/a2d.c   **** void a2dInit(unsigned char prescale, unsigned char ref)
  27:utils/a2d.c   **** {
  28:utils/a2d.c   **** 	// Set to Single Mode, ADC Auto Trigger OFF, ADC Int OFF, Prescale 0
  29:utils/a2d.c   **** 	ADCSRA = 0; //clear!
  30:utils/a2d.c   **** 
  31:utils/a2d.c   **** 	// Right adjust result
  32:utils/a2d.c   **** 	ADMUX &= ~(1<<ADLAR); //clear
  33:utils/a2d.c   **** 
  34:utils/a2d.c   **** 	// Set prescaler
  35:utils/a2d.c   **** 	a2dSetPrescaler(prescale);
  36:utils/a2d.c   **** 
  37:utils/a2d.c   **** 	// Set default reference
  38:utils/a2d.c   **** 	a2dSetReference(ref);	
  39:utils/a2d.c   **** 
  40:utils/a2d.c   **** 	// Turn ADC on
  41:utils/a2d.c   **** 	a2dOn();
  42:utils/a2d.c   **** 
  43:utils/a2d.c   **** 	// int input = a2d_10bit();
  44:utils/a2d.c   **** 	// input = a2d_10bit();
  45:utils/a2d.c   **** }
  46:utils/a2d.c   **** 
  47:utils/a2d.c   **** // turn On a2d converter
  48:utils/a2d.c   **** void a2dOn(void)
  49:utils/a2d.c   **** {
  17               		.loc 1 49 1 view -0
  18               		.cfi_startproc
  19               	/* prologue: function */
  20               	/* frame size = 0 */
  21               	/* stack size = 0 */
  22               	.L__stack_usage = 0
  50:utils/a2d.c   **** 	ADCSRA |= (1 << ADEN);				// enable ADC (turn on ADC power), Set
  23               		.loc 1 50 2 view .LVU1
  24               		.loc 1 50 9 is_stmt 0 view .LVU2
  25 0000 EAE7      		ldi r30,lo8(122)
  26 0002 F0E0      		ldi r31,0
  27 0004 8081      		ld r24,Z
  28 0006 8068      		ori r24,lo8(-128)
  29 0008 8083      		st Z,r24
  30               	/* epilogue start */
  51:utils/a2d.c   **** }
  31               		.loc 1 51 1 view .LVU3
  32 000a 0895      		ret
  33               		.cfi_endproc
  34               	.LFE2:
  36               		.section	.text.a2dOff,"ax",@progbits
  37               	.global	a2dOff
  39               	a2dOff:
  40               	.LFB3:
  52:utils/a2d.c   **** 
  53:utils/a2d.c   **** // turn off a2d converter
  54:utils/a2d.c   **** void a2dOff(void)
  55:utils/a2d.c   **** {
  41               		.loc 1 55 1 is_stmt 1 view -0
  42               		.cfi_startproc
  43               	/* prologue: function */
  44               	/* frame size = 0 */
  45               	/* stack size = 0 */
  46               	.L__stack_usage = 0
  56:utils/a2d.c   **** 	ADCSRA &= ~(1 << ADEN);				// disable ADC (turn off ADC power), Clear
  47               		.loc 1 56 2 view .LVU5
  48               		.loc 1 56 9 is_stmt 0 view .LVU6
  49 0000 EAE7      		ldi r30,lo8(122)
  50 0002 F0E0      		ldi r31,0
  51 0004 8081      		ld r24,Z
  52 0006 8F77      		andi r24,lo8(127)
  53 0008 8083      		st Z,r24
  54               	/* epilogue start */
  57:utils/a2d.c   **** }
  55               		.loc 1 57 1 view .LVU7
  56 000a 0895      		ret
  57               		.cfi_endproc
  58               	.LFE3:
  60               		.section	.text.a2dSetPrescaler,"ax",@progbits
  61               	.global	a2dSetPrescaler
  63               	a2dSetPrescaler:
  64               	.LVL0:
  65               	.LFB4:
  58:utils/a2d.c   **** 
  59:utils/a2d.c   **** // configure A2D converter clock division (prescaling)
  60:utils/a2d.c   **** void a2dSetPrescaler(unsigned char prescale)
  61:utils/a2d.c   **** {
  66               		.loc 1 61 1 is_stmt 1 view -0
  67               		.cfi_startproc
  68               	/* prologue: function */
  69               	/* frame size = 0 */
  70               	/* stack size = 0 */
  71               	.L__stack_usage = 0
  62:utils/a2d.c   **** 	ADCSRA &= ADC_PRESCALE_MASK;
  72               		.loc 1 62 2 view .LVU9
  73               		.loc 1 62 9 is_stmt 0 view .LVU10
  74 0000 EAE7      		ldi r30,lo8(122)
  75 0002 F0E0      		ldi r31,0
  76 0004 9081      		ld r25,Z
  77 0006 987F      		andi r25,lo8(-8)
  78 0008 9083      		st Z,r25
  63:utils/a2d.c   **** 	ADCSRA |= prescale;
  79               		.loc 1 63 2 is_stmt 1 view .LVU11
  80               		.loc 1 63 9 is_stmt 0 view .LVU12
  81 000a 9081      		ld r25,Z
  82 000c 892B      		or r24,r25
  83               	.LVL1:
  84               		.loc 1 63 9 view .LVU13
  85 000e 8083      		st Z,r24
  86               	/* epilogue start */
  64:utils/a2d.c   **** }
  87               		.loc 1 64 1 view .LVU14
  88 0010 0895      		ret
  89               		.cfi_endproc
  90               	.LFE4:
  92               		.section	.text.a2dSetReference,"ax",@progbits
  93               	.global	a2dSetReference
  95               	a2dSetReference:
  96               	.LVL2:
  97               	.LFB5:
  65:utils/a2d.c   **** 
  66:utils/a2d.c   **** // configure A2D converter voltage reference
  67:utils/a2d.c   **** void a2dSetReference(unsigned char ref)
  68:utils/a2d.c   **** {
  98               		.loc 1 68 1 is_stmt 1 view -0
  99               		.cfi_startproc
 100               	/* prologue: function */
 101               	/* frame size = 0 */
 102               	/* stack size = 0 */
 103               	.L__stack_usage = 0
  69:utils/a2d.c   **** 	ADMUX &= ADC_REFERENCE_MASK;
 104               		.loc 1 69 2 view .LVU16
 105               		.loc 1 69 8 is_stmt 0 view .LVU17
 106 0000 ECE7      		ldi r30,lo8(124)
 107 0002 F0E0      		ldi r31,0
 108 0004 9081      		ld r25,Z
 109 0006 9C7F      		andi r25,lo8(-4)
 110 0008 9083      		st Z,r25
  70:utils/a2d.c   **** 	ADMUX |= (ref<<6);
 111               		.loc 1 70 2 is_stmt 1 view .LVU18
 112               		.loc 1 70 8 is_stmt 0 view .LVU19
 113 000a 9081      		ld r25,Z
 114               		.loc 1 70 15 view .LVU20
 115 000c 40E4      		ldi r20,lo8(64)
 116 000e 849F      		mul r24,r20
 117 0010 9001      		movw r18,r0
 118 0012 1124      		clr __zero_reg__
 119               		.loc 1 70 8 view .LVU21
 120 0014 922B      		or r25,r18
 121 0016 9083      		st Z,r25
 122               	/* epilogue start */
  71:utils/a2d.c   **** }
 123               		.loc 1 71 1 view .LVU22
 124 0018 0895      		ret
 125               		.cfi_endproc
 126               	.LFE5:
 128               		.section	.text.a2dInit,"ax",@progbits
 129               	.global	a2dInit
 131               	a2dInit:
 132               	.LVL3:
 133               	.LFB1:
  27:utils/a2d.c   **** 	// Set to Single Mode, ADC Auto Trigger OFF, ADC Int OFF, Prescale 0
 134               		.loc 1 27 1 is_stmt 1 view -0
 135               		.cfi_startproc
  27:utils/a2d.c   **** 	// Set to Single Mode, ADC Auto Trigger OFF, ADC Int OFF, Prescale 0
 136               		.loc 1 27 1 is_stmt 0 view .LVU24
 137 0000 CF93      		push r28
 138               	.LCFI0:
 139               		.cfi_def_cfa_offset 3
 140               		.cfi_offset 28, -2
 141               	/* prologue: function */
 142               	/* frame size = 0 */
 143               	/* stack size = 1 */
 144               	.L__stack_usage = 1
 145 0002 C62F      		mov r28,r22
  29:utils/a2d.c   **** 
 146               		.loc 1 29 2 is_stmt 1 view .LVU25
  29:utils/a2d.c   **** 
 147               		.loc 1 29 9 is_stmt 0 view .LVU26
 148 0004 1092 7A00 		sts 122,__zero_reg__
  32:utils/a2d.c   **** 
 149               		.loc 1 32 2 is_stmt 1 view .LVU27
  32:utils/a2d.c   **** 
 150               		.loc 1 32 8 is_stmt 0 view .LVU28
 151 0008 ECE7      		ldi r30,lo8(124)
 152 000a F0E0      		ldi r31,0
 153 000c 9081      		ld r25,Z
 154 000e 9F7D      		andi r25,lo8(-33)
 155 0010 9083      		st Z,r25
  35:utils/a2d.c   **** 
 156               		.loc 1 35 2 is_stmt 1 view .LVU29
 157 0012 0E94 0000 		call a2dSetPrescaler
 158               	.LVL4:
  38:utils/a2d.c   **** 
 159               		.loc 1 38 2 view .LVU30
 160 0016 8C2F      		mov r24,r28
 161 0018 0E94 0000 		call a2dSetReference
 162               	.LVL5:
  41:utils/a2d.c   **** 
 163               		.loc 1 41 2 view .LVU31
 164               	/* epilogue start */
  45:utils/a2d.c   **** 
 165               		.loc 1 45 1 is_stmt 0 view .LVU32
 166 001c CF91      		pop r28
 167               	.LVL6:
  41:utils/a2d.c   **** 
 168               		.loc 1 41 2 view .LVU33
 169 001e 0C94 0000 		jmp a2dOn
 170               	.LVL7:
 171               		.cfi_endproc
 172               	.LFE1:
 174               		.section	.text.a2dSetChannel,"ax",@progbits
 175               	.global	a2dSetChannel
 177               	a2dSetChannel:
 178               	.LVL8:
 179               	.LFB6:
  72:utils/a2d.c   **** 
  73:utils/a2d.c   **** // sets the a2d input channel
  74:utils/a2d.c   **** void a2dSetChannel(unsigned char ch)
  75:utils/a2d.c   **** {
 180               		.loc 1 75 1 is_stmt 1 view -0
 181               		.cfi_startproc
 182               	/* prologue: function */
 183               	/* frame size = 0 */
 184               	/* stack size = 0 */
 185               	.L__stack_usage = 0
  76:utils/a2d.c   **** 	ADMUX &= ADC_MUX_MASK;
 186               		.loc 1 76 2 view .LVU35
 187               		.loc 1 76 8 is_stmt 0 view .LVU36
 188 0000 ECE7      		ldi r30,lo8(124)
 189 0002 F0E0      		ldi r31,0
 190 0004 9081      		ld r25,Z
 191 0006 907E      		andi r25,lo8(-32)
 192 0008 9083      		st Z,r25
  77:utils/a2d.c   **** 	ADMUX |= ch;
 193               		.loc 1 77 2 is_stmt 1 view .LVU37
 194               		.loc 1 77 8 is_stmt 0 view .LVU38
 195 000a 9081      		ld r25,Z
 196 000c 892B      		or r24,r25
 197               	.LVL9:
 198               		.loc 1 77 8 view .LVU39
 199 000e 8083      		st Z,r24
 200               	/* epilogue start */
  78:utils/a2d.c   **** }
 201               		.loc 1 78 1 view .LVU40
 202 0010 0895      		ret
 203               		.cfi_endproc
 204               	.LFE6:
 206               		.section	.text.a2d_10bit,"ax",@progbits
 207               	.global	a2d_10bit
 209               	a2d_10bit:
 210               	.LFB7:
  79:utils/a2d.c   **** 
  80:utils/a2d.c   **** 
  81:utils/a2d.c   **** // Perform a 10-bit conversion on current channel
  82:utils/a2d.c   **** // starts conversion, waits until conversion is done, and returns result
  83:utils/a2d.c   **** unsigned short a2d_10bit()
  84:utils/a2d.c   **** {
 211               		.loc 1 84 1 is_stmt 1 view -0
 212               		.cfi_startproc
 213               	/* prologue: function */
 214               	/* frame size = 0 */
 215               	/* stack size = 0 */
 216               	.L__stack_usage = 0
  85:utils/a2d.c   **** 	// start conversion
  86:utils/a2d.c   **** 	ADCSRA |= (1<<ADSC);
 217               		.loc 1 86 2 view .LVU42
 218               		.loc 1 86 9 is_stmt 0 view .LVU43
 219 0000 8091 7A00 		lds r24,122
 220 0004 8064      		ori r24,lo8(64)
 221 0006 8093 7A00 		sts 122,r24
  87:utils/a2d.c   **** 
  88:utils/a2d.c   **** 	while(ADCSRA & (1 << ADSC))
 222               		.loc 1 88 2 is_stmt 1 view .LVU44
 223               	.L8:
  89:utils/a2d.c   **** 	{
  90:utils/a2d.c   **** 		// wait until conversion complete
  91:utils/a2d.c   **** 	}
 224               		.loc 1 91 2 discriminator 1 view .LVU45
  88:utils/a2d.c   **** 	{
 225               		.loc 1 88 8 is_stmt 0 discriminator 1 view .LVU46
 226 000a 8091 7A00 		lds r24,122
  88:utils/a2d.c   **** 	{
 227               		.loc 1 88 7 discriminator 1 view .LVU47
 228 000e 86FD      		sbrc r24,6
 229 0010 00C0      		rjmp .L8
  92:utils/a2d.c   **** 
  93:utils/a2d.c   ****     // return ADC;                // read ADC (full 10 bits);
  94:utils/a2d.c   **** 	// return (8 << ADCH)|(ADCL); // read ADC (full 10 bits);
  95:utils/a2d.c   ****     return ADCL;                // read ADC (first 8 bits)
 230               		.loc 1 95 5 is_stmt 1 view .LVU48
 231               		.loc 1 95 12 is_stmt 0 view .LVU49
 232 0012 8091 7800 		lds r24,120
  96:utils/a2d.c   **** }
 233               		.loc 1 96 1 view .LVU50
 234 0016 90E0      		ldi r25,0
 235               	/* epilogue start */
 236 0018 0895      		ret
 237               		.cfi_endproc
 238               	.LFE7:
 240               		.section	.text.a2d_8bit,"ax",@progbits
 241               	.global	a2d_8bit
 243               	a2d_8bit:
 244               	.LFB8:
  97:utils/a2d.c   **** 
  98:utils/a2d.c   **** // Perform a 8-bit conversion on current channel
  99:utils/a2d.c   **** // starts conversion, waits until conversion is done, and returns result
 100:utils/a2d.c   **** unsigned char a2d_8bit()
 101:utils/a2d.c   **** {
 245               		.loc 1 101 1 is_stmt 1 view -0
 246               		.cfi_startproc
 247               	/* prologue: function */
 248               	/* frame size = 0 */
 249               	/* stack size = 0 */
 250               	.L__stack_usage = 0
 102:utils/a2d.c   **** 	// do 10-bit conversion and return highest 8 bits
 103:utils/a2d.c   **** 	return a2d_10bit()>>2;			// return ADC MSB byte
 251               		.loc 1 103 2 view .LVU52
 252               		.loc 1 103 9 is_stmt 0 view .LVU53
 253 0000 0E94 0000 		call a2d_10bit
 254               	.LVL10:
 255               		.loc 1 103 20 view .LVU54
 256 0004 9695      		lsr r25
 257 0006 8795      		ror r24
 258 0008 9695      		lsr r25
 259 000a 8795      		ror r24
 260               	/* epilogue start */
 104:utils/a2d.c   **** }
 261               		.loc 1 104 1 view .LVU55
 262 000c 0895      		ret
 263               		.cfi_endproc
 264               	.LFE8:
 266               		.section	.text.a2d_10bitCh,"ax",@progbits
 267               	.global	a2d_10bitCh
 269               	a2d_10bitCh:
 270               	.LVL11:
 271               	.LFB9:
 105:utils/a2d.c   **** 
 106:utils/a2d.c   **** 
 107:utils/a2d.c   **** 
 108:utils/a2d.c   **** 
 109:utils/a2d.c   **** // Perform a 10-bit conversion on given channel
 110:utils/a2d.c   **** // starts conversion, waits until conversion is done, and returns result
 111:utils/a2d.c   **** // modded for mega1280 by Ant
 112:utils/a2d.c   **** unsigned short a2d_10bitCh(unsigned char ch)
 113:utils/a2d.c   **** {
 272               		.loc 1 113 1 is_stmt 1 view -0
 273               		.cfi_startproc
 274               	/* prologue: function */
 275               	/* frame size = 0 */
 276               	/* stack size = 0 */
 277               	.L__stack_usage = 0
 114:utils/a2d.c   **** 	// set channel
 115:utils/a2d.c   **** 	ADMUX &= ADC_MUX_MASK;	
 278               		.loc 1 115 2 view .LVU57
 279               		.loc 1 115 8 is_stmt 0 view .LVU58
 280 0000 9091 7C00 		lds r25,124
 281 0004 907E      		andi r25,lo8(-32)
 282 0006 9093 7C00 		sts 124,r25
 116:utils/a2d.c   **** 	
 117:utils/a2d.c   **** 	/*   qfp100 parts code below (16 channel)
 118:utils/a2d.c   **** 	if (ch > 7) 
 119:utils/a2d.c   **** 	{
 120:utils/a2d.c   **** 		ADCSRB |= 8;
 121:utils/a2d.c   **** 		ADMUX |= (ch - 8);
 122:utils/a2d.c   **** 	}
 123:utils/a2d.c   **** 
 124:utils/a2d.c   **** 	else
 125:utils/a2d.c   **** 	{
 126:utils/a2d.c   **** 		ADCSRB &= 247;
 127:utils/a2d.c   **** 		ADMUX |= ch;
 128:utils/a2d.c   **** 	}
 129:utils/a2d.c   **** 	*/
 130:utils/a2d.c   **** 	
 131:utils/a2d.c   **** 	ADMUX |= ch;	//comment out this line when using on 16ch parts
 283               		.loc 1 131 2 is_stmt 1 view .LVU59
 284               		.loc 1 131 8 is_stmt 0 view .LVU60
 285 000a 9091 7C00 		lds r25,124
 286 000e 892B      		or r24,r25
 287               	.LVL12:
 288               		.loc 1 131 8 view .LVU61
 289 0010 8093 7C00 		sts 124,r24
 132:utils/a2d.c   **** 
 133:utils/a2d.c   **** 	// start conversion
 134:utils/a2d.c   **** 	ADCSRA |= (1<<ADSC);
 290               		.loc 1 134 2 is_stmt 1 view .LVU62
 291               		.loc 1 134 9 is_stmt 0 view .LVU63
 292 0014 8091 7A00 		lds r24,122
 293 0018 8064      		ori r24,lo8(64)
 294 001a 8093 7A00 		sts 122,r24
 135:utils/a2d.c   **** 
 136:utils/a2d.c   **** 	while(ADCSRA & (1 << ADSC))
 295               		.loc 1 136 2 is_stmt 1 view .LVU64
 296               	.L12:
 137:utils/a2d.c   **** 	{
 138:utils/a2d.c   **** 		// wait until conversion complete
 139:utils/a2d.c   **** 	}
 297               		.loc 1 139 2 discriminator 1 view .LVU65
 136:utils/a2d.c   **** 	{
 298               		.loc 1 136 8 is_stmt 0 discriminator 1 view .LVU66
 299 001e 8091 7A00 		lds r24,122
 136:utils/a2d.c   **** 	{
 300               		.loc 1 136 7 discriminator 1 view .LVU67
 301 0022 86FD      		sbrc r24,6
 302 0024 00C0      		rjmp .L12
 140:utils/a2d.c   **** 
 141:utils/a2d.c   **** 	// return ADC;                // read ADC (full 10 bits);
 142:utils/a2d.c   **** 	// return (8 << ADCH)|(ADCL); // read ADC (full 10 bits);
 143:utils/a2d.c   ****     return ADCL;                // read ADC (first 8 bits)
 303               		.loc 1 143 5 is_stmt 1 view .LVU68
 304               		.loc 1 143 12 is_stmt 0 view .LVU69
 305 0026 8091 7800 		lds r24,120
 144:utils/a2d.c   **** }
 306               		.loc 1 144 1 view .LVU70
 307 002a 90E0      		ldi r25,0
 308               	/* epilogue start */
 309 002c 0895      		ret
 310               		.cfi_endproc
 311               	.LFE9:
 313               		.section	.text.a2d_8bitCh,"ax",@progbits
 314               	.global	a2d_8bitCh
 316               	a2d_8bitCh:
 317               	.LVL13:
 318               	.LFB10:
 145:utils/a2d.c   **** 
 146:utils/a2d.c   **** 
 147:utils/a2d.c   **** // Perform a 8-bit conversion on given channel
 148:utils/a2d.c   **** // starts conversion, waits until conversion is done, and returns result
 149:utils/a2d.c   **** unsigned char a2d_8bitCh(unsigned char ch)
 150:utils/a2d.c   **** {
 319               		.loc 1 150 1 is_stmt 1 view -0
 320               		.cfi_startproc
 321               	/* prologue: function */
 322               	/* frame size = 0 */
 323               	/* stack size = 0 */
 324               	.L__stack_usage = 0
 151:utils/a2d.c   **** 	// do 10-bit conversion and return highest 8 bits
 152:utils/a2d.c   **** 	return a2d_10bitCh(ch)>>2;			// return ADC MSB byte
 325               		.loc 1 152 2 view .LVU72
 326               		.loc 1 152 9 is_stmt 0 view .LVU73
 327 0000 0E94 0000 		call a2d_10bitCh
 328               	.LVL14:
 329               		.loc 1 152 24 view .LVU74
 330 0004 9695      		lsr r25
 331 0006 8795      		ror r24
 332 0008 9695      		lsr r25
 333 000a 8795      		ror r24
 334               	/* epilogue start */
 153:utils/a2d.c   **** }
 335               		.loc 1 153 1 view .LVU75
 336 000c 0895      		ret
 337               		.cfi_endproc
 338               	.LFE10:
 340               		.section	.text.a2dFrom_mV,"ax",@progbits
 341               	.global	a2dFrom_mV
 343               	a2dFrom_mV:
 344               	.LVL15:
 345               	.LFB11:
 154:utils/a2d.c   **** 
 155:utils/a2d.c   **** //! Converts a supplied mV value into A/D bits
 156:utils/a2d.c   **** unsigned short a2dFrom_mV(unsigned short mV,unsigned short a2dmVmax,unsigned short a2dMax)
 157:utils/a2d.c   **** {
 346               		.loc 1 157 1 is_stmt 1 view -0
 347               		.cfi_startproc
 348               	/* prologue: function */
 349               	/* frame size = 0 */
 350               	/* stack size = 0 */
 351               	.L__stack_usage = 0
 352               		.loc 1 157 1 is_stmt 0 view .LVU77
 353 0000 FB01      		movw r30,r22
 354 0002 9A01      		movw r18,r20
 158:utils/a2d.c   **** 	unsigned long temp_u32;
 355               		.loc 1 158 2 is_stmt 1 view .LVU78
 159:utils/a2d.c   **** 
 160:utils/a2d.c   **** 	//a2dBits = (mV * a2dBits) / a2dmVmax
 161:utils/a2d.c   **** 	temp_u32 = mV;
 356               		.loc 1 161 2 view .LVU79
 357               	.LVL16:
 162:utils/a2d.c   **** 	temp_u32 *= a2dMax;
 358               		.loc 1 162 2 view .LVU80
 359               		.loc 1 162 11 is_stmt 0 view .LVU81
 360 0004 DC01      		movw r26,r24
 361 0006 0E94 0000 		call __umulhisi3
 362               	.LVL17:
 163:utils/a2d.c   **** 	temp_u32 /= a2dmVmax;
 363               		.loc 1 163 2 is_stmt 1 view .LVU82
 164:utils/a2d.c   **** 	return temp_u32;
 364               		.loc 1 164 2 view .LVU83
 163:utils/a2d.c   **** 	temp_u32 /= a2dmVmax;
 365               		.loc 1 163 11 is_stmt 0 view .LVU84
 366 000a 9F01      		movw r18,r30
 367 000c 50E0      		ldi r21,0
 368 000e 40E0      		ldi r20,0
 369               	.LVL18:
 163:utils/a2d.c   **** 	temp_u32 /= a2dmVmax;
 370               		.loc 1 163 11 view .LVU85
 371 0010 0E94 0000 		call __udivmodsi4
 372               	.LVL19:
 165:utils/a2d.c   **** }
 373               		.loc 1 165 1 view .LVU86
 374 0014 C901      		movw r24,r18
 375               	.LVL20:
 376               	/* epilogue start */
 377               		.loc 1 165 1 view .LVU87
 378 0016 0895      		ret
 379               		.cfi_endproc
 380               	.LFE11:
 382               		.section	.text.a2dmVFrom_a2d,"ax",@progbits
 383               	.global	a2dmVFrom_a2d
 385               	a2dmVFrom_a2d:
 386               	.LVL21:
 387               	.LFB12:
 166:utils/a2d.c   **** 
 167:utils/a2d.c   **** //! Converts a supplied A/D value into mV
 168:utils/a2d.c   **** unsigned short a2dmVFrom_a2d(unsigned short a2dBits,unsigned short a2dmVmax,unsigned short a2dMax)
 169:utils/a2d.c   **** {
 388               		.loc 1 169 1 is_stmt 1 view -0
 389               		.cfi_startproc
 390               	/* prologue: function */
 391               	/* frame size = 0 */
 392               	/* stack size = 0 */
 393               	.L__stack_usage = 0
 394               		.loc 1 169 1 is_stmt 0 view .LVU89
 395 0000 9B01      		movw r18,r22
 170:utils/a2d.c   **** 	unsigned long temp_u32;
 396               		.loc 1 170 2 is_stmt 1 view .LVU90
 171:utils/a2d.c   **** 
 172:utils/a2d.c   **** 	//a2dBits = (mV * a2dBits) / a2dmVmax
 173:utils/a2d.c   **** 	temp_u32 = a2dBits;
 397               		.loc 1 173 2 view .LVU91
 398               	.LVL22:
 174:utils/a2d.c   **** 	temp_u32 *= a2dmVmax;
 399               		.loc 1 174 2 view .LVU92
 400               		.loc 1 174 11 is_stmt 0 view .LVU93
 401 0002 DC01      		movw r26,r24
 402 0004 0E94 0000 		call __umulhisi3
 403               	.LVL23:
 175:utils/a2d.c   **** 	temp_u32 /= a2dMax;
 404               		.loc 1 175 2 is_stmt 1 view .LVU94
 176:utils/a2d.c   **** 	return temp_u32;
 405               		.loc 1 176 2 view .LVU95
 175:utils/a2d.c   **** 	temp_u32 /= a2dMax;
 406               		.loc 1 175 11 is_stmt 0 view .LVU96
 407 0008 9A01      		movw r18,r20
 408               	.LVL24:
 175:utils/a2d.c   **** 	temp_u32 /= a2dMax;
 409               		.loc 1 175 11 view .LVU97
 410 000a 50E0      		ldi r21,0
 411 000c 40E0      		ldi r20,0
 412               	.LVL25:
 175:utils/a2d.c   **** 	temp_u32 /= a2dMax;
 413               		.loc 1 175 11 view .LVU98
 414 000e 0E94 0000 		call __udivmodsi4
 415               	.LVL26:
 177:utils/a2d.c   **** }
 416               		.loc 1 177 1 view .LVU99
 417 0012 C901      		movw r24,r18
 418               	.LVL27:
 419               	/* epilogue start */
 420               		.loc 1 177 1 view .LVU100
 421 0014 0895      		ret
 422               		.cfi_endproc
 423               	.LFE12:
 425               		.section	.text.d2a_10bit,"ax",@progbits
 426               	.global	d2a_10bit
 428               	d2a_10bit:
 429               	.LVL28:
 430               	.LFB13:
 178:utils/a2d.c   **** 
 179:utils/a2d.c   **** 
 180:utils/a2d.c   **** 
 181:utils/a2d.c   **** //-----------------------------------------------------------------------------
 182:utils/a2d.c   **** // Sets the d2a value onthe R2R port/s
 183:utils/a2d.c   **** //-----------------------------------------------------------------------------
 184:utils/a2d.c   **** void d2a_10bit(unsigned short d2a)
 185:utils/a2d.c   **** {
 431               		.loc 1 185 1 is_stmt 1 view -0
 432               		.cfi_startproc
 433               	/* prologue: function */
 434               	/* frame size = 0 */
 435               	/* stack size = 0 */
 436               	.L__stack_usage = 0
 437               		.loc 1 185 1 is_stmt 0 view .LVU102
 438 0000 9C01      		movw r18,r24
 186:utils/a2d.c   **** 	unsigned char d2a_u8_l;
 439               		.loc 1 186 2 is_stmt 1 view .LVU103
 187:utils/a2d.c   **** 	unsigned char d2a_u8_h;
 440               		.loc 1 187 2 view .LVU104
 188:utils/a2d.c   **** 	unsigned char d2a_u8_temp;
 441               		.loc 1 188 2 view .LVU105
 189:utils/a2d.c   **** 
 190:utils/a2d.c   **** 	d2a_u8_temp = d2a & 0b0000000000000011;	//Get Low Byte (PORTD)
 442               		.loc 1 190 2 view .LVU106
 443               	.LVL29:
 191:utils/a2d.c   **** 	d2a_u8_temp = (d2a_u8_temp << 5);
 444               		.loc 1 191 2 view .LVU107
 192:utils/a2d.c   **** 	d2a_u8_l = PORTD & 0b10011111; //clear bits 0 and 1
 445               		.loc 1 192 2 view .LVU108
 446               		.loc 1 192 19 is_stmt 0 view .LVU109
 447 0002 8BB1      		in r24,0xb
 448               	.LVL30:
 449               		.loc 1 192 11 view .LVU110
 450 0004 8F79      		andi r24,lo8(-97)
 451               	.LVL31:
 193:utils/a2d.c   **** 	d2a_u8_l |= d2a_u8_temp;		//Ready to write to PORTD
 452               		.loc 1 193 2 is_stmt 1 view .LVU111
 191:utils/a2d.c   **** 	d2a_u8_temp = (d2a_u8_temp << 5);
 453               		.loc 1 191 14 is_stmt 0 view .LVU112
 454 0006 922F      		mov r25,r18
 455 0008 9295      		swap r25
 456 000a 990F      		lsl r25
 457 000c 9076      		andi r25,lo8(96)
 458               		.loc 1 193 11 view .LVU113
 459 000e 982B      		or r25,r24
 460               	.LVL32:
 194:utils/a2d.c   **** 
 195:utils/a2d.c   **** 	d2a_u8_h = (d2a >> 2);		 //Get High Byte (PORTC), ready to write to PORTC
 461               		.loc 1 195 2 is_stmt 1 view .LVU114
 462               		.loc 1 195 18 is_stmt 0 view .LVU115
 463 0010 3695      		lsr r19
 464 0012 2795      		ror r18
 465 0014 3695      		lsr r19
 466 0016 2795      		ror r18
 467               	.LVL33:
 196:utils/a2d.c   **** 
 197:utils/a2d.c   **** 	PORTC = d2a_u8_h;
 468               		.loc 1 197 2 is_stmt 1 view .LVU116
 469               		.loc 1 197 8 is_stmt 0 view .LVU117
 470 0018 28B9      		out 0x8,r18
 198:utils/a2d.c   **** 	PORTD = d2a_u8_l;
 471               		.loc 1 198 2 is_stmt 1 view .LVU118
 472               		.loc 1 198 8 is_stmt 0 view .LVU119
 473 001a 9BB9      		out 0xb,r25
 474               	/* epilogue start */
 199:utils/a2d.c   **** }
 475               		.loc 1 199 1 view .LVU120
 476 001c 0895      		ret
 477               		.cfi_endproc
 478               	.LFE13:
 480               		.text
 481               	.Letext0:
 482               		.file 2 "/usr/local/Cellar/avr-gcc/8.1.0/avr/include/stdio.h"
 483               		.file 3 "/usr/local/Cellar/avr-gcc/8.1.0/avr/include/stdint.h"
DEFINED SYMBOLS
                            *ABS*:0000000000000000 a2d.c
/var/folders/my/0z6f376568j9tywzmdyvysy80000gn/T//cclfviDq.s:2      *ABS*:000000000000003e __SP_H__
/var/folders/my/0z6f376568j9tywzmdyvysy80000gn/T//cclfviDq.s:3      *ABS*:000000000000003d __SP_L__
/var/folders/my/0z6f376568j9tywzmdyvysy80000gn/T//cclfviDq.s:4      *ABS*:000000000000003f __SREG__
/var/folders/my/0z6f376568j9tywzmdyvysy80000gn/T//cclfviDq.s:5      *ABS*:000000000000003b __RAMPZ__
/var/folders/my/0z6f376568j9tywzmdyvysy80000gn/T//cclfviDq.s:6      *ABS*:0000000000000000 __tmp_reg__
/var/folders/my/0z6f376568j9tywzmdyvysy80000gn/T//cclfviDq.s:7      *ABS*:0000000000000001 __zero_reg__
/var/folders/my/0z6f376568j9tywzmdyvysy80000gn/T//cclfviDq.s:14     .text.a2dOn:0000000000000000 a2dOn
/var/folders/my/0z6f376568j9tywzmdyvysy80000gn/T//cclfviDq.s:39     .text.a2dOff:0000000000000000 a2dOff
/var/folders/my/0z6f376568j9tywzmdyvysy80000gn/T//cclfviDq.s:63     .text.a2dSetPrescaler:0000000000000000 a2dSetPrescaler
/var/folders/my/0z6f376568j9tywzmdyvysy80000gn/T//cclfviDq.s:95     .text.a2dSetReference:0000000000000000 a2dSetReference
/var/folders/my/0z6f376568j9tywzmdyvysy80000gn/T//cclfviDq.s:131    .text.a2dInit:0000000000000000 a2dInit
/var/folders/my/0z6f376568j9tywzmdyvysy80000gn/T//cclfviDq.s:177    .text.a2dSetChannel:0000000000000000 a2dSetChannel
/var/folders/my/0z6f376568j9tywzmdyvysy80000gn/T//cclfviDq.s:209    .text.a2d_10bit:0000000000000000 a2d_10bit
/var/folders/my/0z6f376568j9tywzmdyvysy80000gn/T//cclfviDq.s:243    .text.a2d_8bit:0000000000000000 a2d_8bit
/var/folders/my/0z6f376568j9tywzmdyvysy80000gn/T//cclfviDq.s:269    .text.a2d_10bitCh:0000000000000000 a2d_10bitCh
/var/folders/my/0z6f376568j9tywzmdyvysy80000gn/T//cclfviDq.s:316    .text.a2d_8bitCh:0000000000000000 a2d_8bitCh
/var/folders/my/0z6f376568j9tywzmdyvysy80000gn/T//cclfviDq.s:343    .text.a2dFrom_mV:0000000000000000 a2dFrom_mV
/var/folders/my/0z6f376568j9tywzmdyvysy80000gn/T//cclfviDq.s:385    .text.a2dmVFrom_a2d:0000000000000000 a2dmVFrom_a2d
/var/folders/my/0z6f376568j9tywzmdyvysy80000gn/T//cclfviDq.s:428    .text.d2a_10bit:0000000000000000 d2a_10bit

UNDEFINED SYMBOLS
__umulhisi3
__udivmodsi4
