   1               		.file	"SPI.c"
   2               	__SP_H__ = 0x3e
   3               	__SP_L__ = 0x3d
   4               	__SREG__ = 0x3f
   5               	__RAMPZ__ = 0x3b
   6               	__tmp_reg__ = 0
   7               	__zero_reg__ = 1
   8               		.text
   9               	.Ltext0:
  10               		.cfi_sections	.debug_frame
  11               		.section	.text.SPI_send_byte,"ax",@progbits
  12               	.global	SPI_send_byte
  14               	SPI_send_byte:
  15               	.LVL0:
  16               	.LFB0:
  17               		.file 1 "utils/SPI.c"
   1:utils/SPI.c   **** #include "SPI.h"
   2:utils/SPI.c   **** 
   3:utils/SPI.c   **** uint8_t SPI_send_byte(uint8_t c)
   4:utils/SPI.c   **** {
  18               		.loc 1 4 1 view -0
  19               		.cfi_startproc
  20               	/* prologue: function */
  21               	/* frame size = 0 */
  22               	/* stack size = 0 */
  23               	.L__stack_usage = 0
   5:utils/SPI.c   **** 	SPDR = c;					//write data to the transmission register. Writing to this initiates transmission.
  24               		.loc 1 5 2 view .LVU1
  25               		.loc 1 5 7 is_stmt 0 view .LVU2
  26 0000 8EBD      		out 0x2e,r24
   6:utils/SPI.c   **** 	while(!(SPSR & (1<<SPIF)));
  27               		.loc 1 6 2 is_stmt 1 view .LVU3
  28               	.L2:
  29               		.loc 1 6 28 discriminator 1 view .LVU4
  30               		.loc 1 6 7 is_stmt 0 discriminator 1 view .LVU5
  31 0002 0DB4      		in __tmp_reg__,0x2d
  32 0004 07FE      		sbrs __tmp_reg__,7
  33 0006 00C0      		rjmp .L2
   7:utils/SPI.c   **** 	return SPDR;				//return any data that was shifted into this register upon transmission.
  34               		.loc 1 7 2 is_stmt 1 view .LVU6
  35               		.loc 1 7 9 is_stmt 0 view .LVU7
  36 0008 8EB5      		in r24,0x2e
  37               	.LVL1:
  38               	/* epilogue start */
   8:utils/SPI.c   **** }
  39               		.loc 1 8 1 view .LVU8
  40 000a 0895      		ret
  41               		.cfi_endproc
  42               	.LFE0:
  44               		.section	.text.SPI_init,"ax",@progbits
  45               	.global	SPI_init
  47               	SPI_init:
  48               	.LFB1:
   9:utils/SPI.c   **** 
  10:utils/SPI.c   **** void SPI_init()
  11:utils/SPI.c   **** {
  49               		.loc 1 11 1 is_stmt 1 view -0
  50               		.cfi_startproc
  51               	/* prologue: function */
  52               	/* frame size = 0 */
  53               	/* stack size = 0 */
  54               	.L__stack_usage = 0
  12:utils/SPI.c   **** 	//MCUCR &= ~(1<<SPIPS);		//make sure we are getting spi not on the _A spi pins.
  13:utils/SPI.c   **** 	SPCR = (0<<SPIE)|(1<<SPE)|(0<<DORD)|(1<<MSTR)|(0<<CPOL)|(0<<CPHA)|(1<<SPR0)|(0<<SPR1);  //set inte
  55               		.loc 1 13 2 view .LVU10
  56               		.loc 1 13 7 is_stmt 0 view .LVU11
  57 0000 81E5      		ldi r24,lo8(81)
  58 0002 8CBD      		out 0x2c,r24
  14:utils/SPI.c   **** 	SPSR = (1<<SPI2X);	//set whether we want 2x speed or not (1=2x speed).
  59               		.loc 1 14 2 is_stmt 1 view .LVU12
  60               		.loc 1 14 7 is_stmt 0 view .LVU13
  61 0004 81E0      		ldi r24,lo8(1)
  62 0006 8DBD      		out 0x2d,r24
  15:utils/SPI.c   **** 	SPDR = 0x00;		//ensure data register has nothing in it
  63               		.loc 1 15 2 is_stmt 1 view .LVU14
  64               		.loc 1 15 7 is_stmt 0 view .LVU15
  65 0008 1EBC      		out 0x2e,__zero_reg__
  66               	/* epilogue start */
  16:utils/SPI.c   **** }...
  67               		.loc 1 16 1 view .LVU16
  68 000a 0895      		ret
  69               		.cfi_endproc
  70               	.LFE1:
  72               		.text
  73               	.Letext0:
  74               		.file 2 "/usr/local/Cellar/avr-gcc/8.1.0/avr/include/stdint.h"
DEFINED SYMBOLS
                            *ABS*:0000000000000000 SPI.c
/var/folders/my/0z6f376568j9tywzmdyvysy80000gn/T//ccsHOloa.s:2      *ABS*:000000000000003e __SP_H__
/var/folders/my/0z6f376568j9tywzmdyvysy80000gn/T//ccsHOloa.s:3      *ABS*:000000000000003d __SP_L__
/var/folders/my/0z6f376568j9tywzmdyvysy80000gn/T//ccsHOloa.s:4      *ABS*:000000000000003f __SREG__
/var/folders/my/0z6f376568j9tywzmdyvysy80000gn/T//ccsHOloa.s:5      *ABS*:000000000000003b __RAMPZ__
/var/folders/my/0z6f376568j9tywzmdyvysy80000gn/T//ccsHOloa.s:6      *ABS*:0000000000000000 __tmp_reg__
/var/folders/my/0z6f376568j9tywzmdyvysy80000gn/T//ccsHOloa.s:7      *ABS*:0000000000000001 __zero_reg__
/var/folders/my/0z6f376568j9tywzmdyvysy80000gn/T//ccsHOloa.s:14     .text.SPI_send_byte:0000000000000000 SPI_send_byte
/var/folders/my/0z6f376568j9tywzmdyvysy80000gn/T//ccsHOloa.s:47     .text.SPI_init:0000000000000000 SPI_init

NO UNDEFINED SYMBOLS
